2025/11/27 03:03:47 AM, INFO, mealpy.swarm_based.PSO.OriginalPSO: OriginalPSO(epoch=20, pop_size=30, c1=2.05, c2=2.05, w=0.4)
2025/11/27 03:03:47 AM, INFO, mealpy.swarm_based.PSO.OriginalPSO: >>>Problem: P, Epoch: 1, Current best: 0.42401288150105276, Global best: 0.42401288150105276, Runtime: 0.05116 seconds
2025/11/27 03:03:48 AM, INFO, mealpy.swarm_based.PSO.OriginalPSO: >>>Problem: P, Epoch: 2, Current best: 0.42501219897241604, Global best: 0.42501219897241604, Runtime: 0.04903 seconds
2025/11/27 03:03:48 AM, INFO, mealpy.swarm_based.PSO.OriginalPSO: >>>Problem: P, Epoch: 3, Current best: 0.42501219897241604, Global best: 0.42501219897241604, Runtime: 0.04974 seconds
2025/11/27 03:03:48 AM, INFO, mealpy.swarm_based.PSO.OriginalPSO: >>>Problem: P, Epoch: 4, Current best: 0.4263534218590398, Global best: 0.4263534218590398, Runtime: 0.04850 seconds
2025/11/27 03:03:48 AM, INFO, mealpy.swarm_based.PSO.OriginalPSO: >>>Problem: P, Epoch: 5, Current best: 0.4263534218590398, Global best: 0.4263534218590398, Runtime: 0.04834 seconds
2025/11/27 03:03:48 AM, INFO, mealpy.swarm_based.PSO.OriginalPSO: >>>Problem: P, Epoch: 6, Current best: 0.4402367916259099, Global best: 0.4402367916259099, Runtime: 0.04898 seconds
2025/11/27 03:03:48 AM, INFO, mealpy.swarm_based.PSO.OriginalPSO: >>>Problem: P, Epoch: 7, Current best: 0.4402367916259099, Global best: 0.4402367916259099, Runtime: 0.04812 seconds
2025/11/27 03:03:48 AM, INFO, mealpy.swarm_based.PSO.OriginalPSO: >>>Problem: P, Epoch: 8, Current best: 0.4402367916259099, Global best: 0.4402367916259099, Runtime: 0.04926 seconds
2025/11/27 03:03:48 AM, INFO, mealpy.swarm_based.PSO.OriginalPSO: >>>Problem: P, Epoch: 9, Current best: 0.4402367916259099, Global best: 0.4402367916259099, Runtime: 0.05053 seconds
2025/11/27 03:03:48 AM, INFO, mealpy.swarm_based.PSO.OriginalPSO: >>>Problem: P, Epoch: 10, Current best: 0.4402367916259099, Global best: 0.4402367916259099, Runtime: 0.05068 seconds
2025/11/27 03:03:48 AM, INFO, mealpy.swarm_based.PSO.OriginalPSO: >>>Problem: P, Epoch: 11, Current best: 0.4402367916259099, Global best: 0.4402367916259099, Runtime: 0.04990 seconds
2025/11/27 03:03:48 AM, INFO, mealpy.swarm_based.PSO.OriginalPSO: >>>Problem: P, Epoch: 12, Current best: 0.4402367916259099, Global best: 0.4402367916259099, Runtime: 0.04852 seconds
2025/11/27 03:03:48 AM, INFO, mealpy.swarm_based.PSO.OriginalPSO: >>>Problem: P, Epoch: 13, Current best: 0.4402367916259099, Global best: 0.4402367916259099, Runtime: 0.04915 seconds
2025/11/27 03:03:48 AM, INFO, mealpy.swarm_based.PSO.OriginalPSO: >>>Problem: P, Epoch: 14, Current best: 0.4402367916259099, Global best: 0.4402367916259099, Runtime: 0.04920 seconds
2025/11/27 03:03:48 AM, INFO, mealpy.swarm_based.PSO.OriginalPSO: >>>Problem: P, Epoch: 15, Current best: 0.4402367916259099, Global best: 0.4402367916259099, Runtime: 0.04774 seconds
2025/11/27 03:03:48 AM, INFO, mealpy.swarm_based.PSO.OriginalPSO: >>>Problem: P, Epoch: 16, Current best: 0.4402367916259099, Global best: 0.4402367916259099, Runtime: 0.04852 seconds
2025/11/27 03:03:48 AM, INFO, mealpy.swarm_based.PSO.OriginalPSO: >>>Problem: P, Epoch: 17, Current best: 0.4420512820512821, Global best: 0.4420512820512821, Runtime: 0.05027 seconds
2025/11/27 03:03:48 AM, INFO, mealpy.swarm_based.PSO.OriginalPSO: >>>Problem: P, Epoch: 18, Current best: 0.4420512820512821, Global best: 0.4420512820512821, Runtime: 0.04853 seconds
2025/11/27 03:03:48 AM, INFO, mealpy.swarm_based.PSO.OriginalPSO: >>>Problem: P, Epoch: 19, Current best: 0.4420512820512821, Global best: 0.4420512820512821, Runtime: 0.05009 seconds
2025/11/27 03:03:48 AM, INFO, mealpy.swarm_based.PSO.OriginalPSO: >>>Problem: P, Epoch: 20, Current best: 0.4420512820512821, Global best: 0.4420512820512821, Runtime: 0.04844 seconds
Запуск экспериментов для: pima_diabetes
Режим конфигурации: fast
============================================================

========================================
АУДИТ СИСТЕМЫ
========================================
[INFO] Запуск аудита системы...

============================================================
ОТЧЕТ ОБ АУДИТЕ СИСТЕМЫ
============================================================

📅 Время аудита: 2025-11-27T03:03:45.701685

[INFO] СИСТЕМА:
   Платформа: Linux-6.17.4-76061704-generic-x86_64-with-glibc2.39
   Система: Linux 6.17.4-76061704-generic
   Процессор: x86_64

[ЖЕЛЕЗО]
   CPU (физических/логических): 8/16
   Частота CPU: 2628.56 MHz
   Память: 14.81 GB (доступно: 6.95 GB)
   Диск: 459.52 GB (свободно: 102.56 GB)

[PYTHON]
   Версия: 3.12.3
   Исполняемый файл: /home/lebedeffson/venv/bin/python

[БИБЛИОТЕКИ]
   numpy: 1.26.0
   pandas: 2.1.3
   scikit-learn: not installed
   matplotlib: 3.10.5
   seaborn: 0.13.2
   torch: 2.8.0+cu128
   shap: 0.48.0
   PyYAML: not installed

[GPU]
   Доступен: Да
   Количество устройств: 1
   Устройство 0: NVIDIA GeForce RTX 4060 Laptop GPU
      Память: 7.62 GB
      Compute Capability: 8.9

[ПАМЯТЬ] Текущее состояние:
   Использовано: 7.91 GB (53.4%)
   Свободно: 5.25 GB

[INFO] CPU (текущее состояние):
   Использование: 5.1%
============================================================

[OK] Отчет сохранен в: /home/lebedeffson/PycharmProjects/шап-рег/XAI-2.0-SHAP-regularized-ANFIS/results/pima_diabetes/system_audit.json
[INFO] Загрузка датасета: Pima Indians Diabetes
[OK] Загружено: 768 образцов, 9 колонок
[INFO] Колонки: ['Pregnancies', 'Glucose', 'BloodPressure', 'SkinThickness', 'Insulin', 'BMI', 'DiabetesPedigreeFunction', 'Age', 'Outcome']
[WARNING] Target колонка не определена автоматически. Используется последняя колонка: 'Outcome'

[INFO] Распределение классов для 'Outcome':
   Класс 0: 500 образцов (65.1%)
   Класс 1: 268 образцов (34.9%)
[INFO] Подготовлено:
   Целевая переменная: 'Outcome' (2 уникальных значений)
   Признаков: 8
   Названия признаков: ['Pregnancies', 'Glucose', 'BloodPressure', 'SkinThickness', 'Insulin']...
[OK] Предобработка завершена:
   Train: 576 объектов
   Test: (192, 8) объектов
   Признаков: 8

========================================
ЭКСПЕРИМЕНТ 1: Vanilla ANFIS
========================================
[INFO] Обучение Vanilla ANFIS (Классификация)...

[OK] Vanilla ANFIS (Классификация) обучен успешно!
   Accuracy: 0.4479
   Precision: 0.3832
   Recall: 0.9552
   F1-Score: 0.5470
   ROC AUC: 0.7715
   Время: 1.05 сек

========================================
ЭКСПЕРИМЕНТ 2: Post-hoc SHAP (Vanilla ANFIS)
========================================
[INFO] Post-hoc SHAP анализ (классификации)...
  0%|          | 0/80 [00:00<?, ?it/s] 16%|█▋        | 13/80 [00:00<00:00, 125.91it/s] 32%|███▎      | 26/80 [00:00<00:00, 128.22it/s] 49%|████▉     | 39/80 [00:00<00:00, 128.94it/s] 66%|██████▋   | 53/80 [00:00<00:00, 130.03it/s] 84%|████████▍ | 67/80 [00:00<00:00, 130.17it/s]100%|██████████| 80/80 [00:00<00:00, 129.43it/s]
2025/11/27 03:03:49 AM, INFO, mealpy.swarm_based.PSO.OriginalPSO: OriginalPSO(epoch=20, pop_size=30, c1=2.05, c2=2.05, w=0.4)
2025/11/27 03:03:49 AM, INFO, mealpy.swarm_based.PSO.OriginalPSO: >>>Problem: P, Epoch: 1, Current best: 0.562608076492727, Global best: 0.562608076492727, Runtime: 0.03594 seconds
2025/11/27 03:03:49 AM, INFO, mealpy.swarm_based.PSO.OriginalPSO: >>>Problem: P, Epoch: 2, Current best: 0.562608076492727, Global best: 0.562608076492727, Runtime: 0.03416 seconds
2025/11/27 03:03:49 AM, INFO, mealpy.swarm_based.PSO.OriginalPSO: >>>Problem: P, Epoch: 3, Current best: 0.562608076492727, Global best: 0.562608076492727, Runtime: 0.03515 seconds
2025/11/27 03:03:49 AM, INFO, mealpy.swarm_based.PSO.OriginalPSO: >>>Problem: P, Epoch: 4, Current best: 0.562608076492727, Global best: 0.562608076492727, Runtime: 0.03560 seconds
2025/11/27 03:03:49 AM, INFO, mealpy.swarm_based.PSO.OriginalPSO: >>>Problem: P, Epoch: 5, Current best: 0.562608076492727, Global best: 0.562608076492727, Runtime: 0.03426 seconds
2025/11/27 03:03:49 AM, INFO, mealpy.swarm_based.PSO.OriginalPSO: >>>Problem: P, Epoch: 6, Current best: 0.562608076492727, Global best: 0.562608076492727, Runtime: 0.03476 seconds
2025/11/27 03:03:49 AM, INFO, mealpy.swarm_based.PSO.OriginalPSO: >>>Problem: P, Epoch: 7, Current best: 0.562608076492727, Global best: 0.562608076492727, Runtime: 0.03583 seconds
2025/11/27 03:03:49 AM, INFO, mealpy.swarm_based.PSO.OriginalPSO: >>>Problem: P, Epoch: 8, Current best: 0.562608076492727, Global best: 0.562608076492727, Runtime: 0.03472 seconds
2025/11/27 03:03:49 AM, INFO, mealpy.swarm_based.PSO.OriginalPSO: >>>Problem: P, Epoch: 9, Current best: 0.562608076492727, Global best: 0.562608076492727, Runtime: 0.03461 seconds
2025/11/27 03:03:49 AM, INFO, mealpy.swarm_based.PSO.OriginalPSO: >>>Problem: P, Epoch: 10, Current best: 0.562608076492727, Global best: 0.562608076492727, Runtime: 0.03490 seconds
2025/11/27 03:03:49 AM, INFO, mealpy.swarm_based.PSO.OriginalPSO: >>>Problem: P, Epoch: 11, Current best: 0.562608076492727, Global best: 0.562608076492727, Runtime: 0.03636 seconds
2025/11/27 03:03:50 AM, INFO, mealpy.swarm_based.PSO.OriginalPSO: >>>Problem: P, Epoch: 12, Current best: 0.562608076492727, Global best: 0.562608076492727, Runtime: 0.03525 seconds
2025/11/27 03:03:50 AM, INFO, mealpy.swarm_based.PSO.OriginalPSO: >>>Problem: P, Epoch: 13, Current best: 0.562608076492727, Global best: 0.562608076492727, Runtime: 0.03563 seconds
2025/11/27 03:03:50 AM, INFO, mealpy.swarm_based.PSO.OriginalPSO: >>>Problem: P, Epoch: 14, Current best: 0.562608076492727, Global best: 0.562608076492727, Runtime: 0.03691 seconds
2025/11/27 03:03:50 AM, INFO, mealpy.swarm_based.PSO.OriginalPSO: >>>Problem: P, Epoch: 15, Current best: 0.562608076492727, Global best: 0.562608076492727, Runtime: 0.03523 seconds
2025/11/27 03:03:50 AM, INFO, mealpy.swarm_based.PSO.OriginalPSO: >>>Problem: P, Epoch: 16, Current best: 0.562608076492727, Global best: 0.562608076492727, Runtime: 0.03520 seconds
2025/11/27 03:03:50 AM, INFO, mealpy.swarm_based.PSO.OriginalPSO: >>>Problem: P, Epoch: 17, Current best: 0.5738636363636364, Global best: 0.5738636363636364, Runtime: 0.03429 seconds
2025/11/27 03:03:50 AM, INFO, mealpy.swarm_based.PSO.OriginalPSO: >>>Problem: P, Epoch: 18, Current best: 0.5738636363636364, Global best: 0.5738636363636364, Runtime: 0.03725 seconds
2025/11/27 03:03:50 AM, INFO, mealpy.swarm_based.PSO.OriginalPSO: >>>Problem: P, Epoch: 19, Current best: 0.5738636363636364, Global best: 0.5738636363636364, Runtime: 0.03505 seconds
2025/11/27 03:03:50 AM, INFO, mealpy.swarm_based.PSO.OriginalPSO: >>>Problem: P, Epoch: 20, Current best: 0.5738636363636364, Global best: 0.5738636363636364, Runtime: 0.03507 seconds
[OK] SHAP анализ завершен за 0.62 сек

========================================
ЭКСПЕРИМЕНТ 3: Baseline-Masked Feature Sensitivity Regularization
========================================
[INFO] Начинаю обучение ANFIS с Baseline-Masked Feature Sensitivity Regularization (оценка чувствительности признаков) (классификации)...
   Эпоха 5/25: Total: 0.8707, Main: 0.7915, SHAP: 0.0007, Train Acc: 0.6674, F1: 0.6383, ROC: 0.7761 | Val Acc: 0.5948, F1: 0.5524 [WARNING](gap=0.073), Время: 0.13с
   Эпоха 10/25: Total: 0.8559, Main: 0.7781, SHAP: 0.0005, Train Acc: 0.7196, F1: 0.6596, ROC: 0.7757 | Val Acc: 0.6810, F1: 0.5934, Время: 0.13с
   Эпоха 15/25: Total: 0.8396, Main: 0.7633, SHAP: 0.0004, Train Acc: 0.7370, F1: 0.6431, ROC: 0.7883 | Val Acc: 0.7328, F1: 0.6265, Время: 0.13с
   Эпоха 20/25: Total: 0.8317, Main: 0.7561, SHAP: 0.0003, Train Acc: 0.7435, F1: 0.6289, ROC: 0.7925 | Val Acc: 0.7586, F1: 0.6316, Время: 0.13с
   Эпоха 25/25: Total: 0.8281, Main: 0.7528, SHAP: 0.0005, Train Acc: 0.7522, F1: 0.6200, ROC: 0.7810 | Val Acc: 0.7672, F1: 0.5970, Время: 0.13с
[OK] Обучение завершено за 3.97 сек
[OK] Baseline-Masked Feature Sensitivity Regularization (оценка чувствительности признаков) завершена:
   accuracy: 0.6719
   precision: 0.5417
   recall: 0.3881
   f1_score: 0.4522
   roc_auc: 0.7149
   Время: 3.97 сек

========================================
ЭКСПЕРИМЕНТ 4: Post-hoc SHAP (Baseline-Masked Feature Sensitivity Regularization (оценка чувствительности признаков))
========================================
[INFO] Post-hoc SHAP анализ (классификации)...
  0%|          | 0/80 [00:00<?, ?it/s] 14%|█▍        | 11/80 [00:00<00:00, 104.93it/s] 29%|██▉       | 23/80 [00:00<00:00, 112.82it/s] 44%|████▍     | 35/80 [00:00<00:00, 114.10it/s] 59%|█████▉    | 47/80 [00:00<00:00, 116.04it/s] 74%|███████▍  | 59/80 [00:00<00:00, 116.53it/s] 89%|████████▉ | 71/80 [00:00<00:00, 116.80it/s]100%|██████████| 80/80 [00:00<00:00, 115.87it/s]
/home/lebedeffson/PycharmProjects/шап-рег/XAI-2.0-SHAP-regularized-ANFIS/src/visualization/presentation_plots.py:260: UserWarning: set_ticklabels() should only be used with a fixed number of ticks, i.e. after set_ticks() or using a FixedLocator.
  ax.set_xticklabels(methods, fontsize=13, color='#212121')
[OK] SHAP анализ завершен за 0.69 сек
[OK] Параметры post-hoc сохранены: /home/lebedeffson/PycharmProjects/шап-рег/XAI-2.0-SHAP-regularized-ANFIS/results/pima_diabetes/posthoc_parameters.json
[OK] SHAP данные сохранены: /home/lebedeffson/PycharmProjects/шап-рег/XAI-2.0-SHAP-regularized-ANFIS/results/pima_diabetes/shap_data.json

========================================
СРАВНЕНИЕ ПРАВИЛ ANFIS
========================================
[WARNING] Несоответствие размерностей: ожидалось 8 признаков, найдено 15
[WARNING] Несоответствие размерностей: ожидалось 8 признаков, найдено 15
[OK] Правила извлечены и сравнены:
   Среднее сходство: 0.4887
   Среднее различие коэффициентов: 0.4289
   Среднее различие ФП: 0.6239

========================================
СРАВНИТЕЛЬНЫЙ АНАЛИЗ
========================================

VANILLA:
  accuracy: 0.4479
  precision: 0.3832
  recall: 0.9552
  f1_score: 0.5470
  roc_auc: 0.7715
  Время обучения: 1.05 сек

REGULARIZED:
  accuracy: 0.6719
  precision: 0.5417
  recall: 0.3881
  f1_score: 0.4522
  roc_auc: 0.7149
  Время обучения: 3.97 сек

[OK] Все эксперименты завершены успешно!

========================================
СОЗДАНИЕ ВИЗУАЛИЗАЦИИ
========================================

========================================
СОЗДАНИЕ ОТДЕЛЬНЫХ ГРАФИКОВ ВЫСОКОГО КАЧЕСТВА
========================================
Создание отдельных графиков для Vanilla ANFIS...
[INFO] График сохранен: /home/lebedeffson/PycharmProjects/шап-рег/XAI-2.0-SHAP-regularized-ANFIS/results/pima_diabetes/vanilla_confusion_matrix.png
[INFO] График сохранен: /home/lebedeffson/PycharmProjects/шап-рег/XAI-2.0-SHAP-regularized-ANFIS/results/pima_diabetes/vanilla_roc_curve.png
[INFO] График сохранен: /home/lebedeffson/PycharmProjects/шап-рег/XAI-2.0-SHAP-regularized-ANFIS/results/pima_diabetes/vanilla_feature_importance.png
[INFO] График сохранен: /home/lebedeffson/PycharmProjects/шап-рег/XAI-2.0-SHAP-regularized-ANFIS/results/pima_diabetes/vanilla_prediction_distribution.png
[INFO] График сохранен: /home/lebedeffson/PycharmProjects/шап-рег/XAI-2.0-SHAP-regularized-ANFIS/results/pima_diabetes/vanilla_pr_curve.png
[INFO] График сохранен: /home/lebedeffson/PycharmProjects/шап-рег/XAI-2.0-SHAP-regularized-ANFIS/results/pima_diabetes/vanilla_calibration_curve.png
[INFO] График сохранен: /home/lebedeffson/PycharmProjects/шап-рег/XAI-2.0-SHAP-regularized-ANFIS/results/pima_diabetes/vanilla_error_distribution.png
[OK] Все отдельные графики Vanilla созданы
Создание комплексной визуализации...
Сравнительная таблица сохранена: /home/lebedeffson/PycharmProjects/шап-рег/XAI-2.0-SHAP-regularized-ANFIS/results/pima_diabetes/comparison_results.csv
Визуализация создана и сохранена!

Создание графиков обучения...
[INFO] Графики обучения сохранены: /home/lebedeffson/PycharmProjects/шап-рег/XAI-2.0-SHAP-regularized-ANFIS/results/pima_diabetes/training_plots.png

Создание графиков сравнения правил...
[INFO] График сравнения правил сохранен: /home/lebedeffson/PycharmProjects/шап-рег/XAI-2.0-SHAP-regularized-ANFIS/results/pima_diabetes/rules_comparison.png

Создание графиков сравнения SHAP методов...
[INFO] График сравнения SHAP методов сохранен: /home/lebedeffson/PycharmProjects/шап-рег/XAI-2.0-SHAP-regularized-ANFIS/results/pima_diabetes/shap_methods_comparison.png

Создание графиков сравнения post-hoc SHAP...
[INFO] График сравнения SHAP методов сохранен: /home/lebedeffson/PycharmProjects/шап-рег/XAI-2.0-SHAP-regularized-ANFIS/results/pima_diabetes/shap_methods_comparison.png

========================================
СОЗДАНИЕ ОТДЕЛЬНЫХ ГРАФИКОВ ДЛЯ ПРЕЗЕНТАЦИИ
========================================

[INFO] Создание графика сравнения метрик обучения...
[INFO] График сохранен: /home/lebedeffson/PycharmProjects/шап-рег/XAI-2.0-SHAP-regularized-ANFIS/results/pima_diabetes/01_training_metrics_comparison.png
[INFO] Создание графика сравнения предсказаний и важности признаков...
[INFO] График сохранен: /home/lebedeffson/PycharmProjects/шап-рег/XAI-2.0-SHAP-regularized-ANFIS/results/pima_diabetes/03_predictions_comparison.png
[INFO] Создание графика сравнения ROC кривых...
[INFO] График сохранен: /home/lebedeffson/PycharmProjects/шап-рег/XAI-2.0-SHAP-regularized-ANFIS/results/pima_diabetes/04_roc_comparison.png
[INFO] Создание графика сравнения метрик...
[INFO] График сохранен: /home/lebedeffson/PycharmProjects/шап-рег/XAI-2.0-SHAP-regularized-ANFIS/results/pima_diabetes/05_metrics_bar_comparison.png
[INFO] Создание графика сравнения важности признаков...
[INFO] График сохранен: /home/lebedeffson/PycharmProjects/шап-рег/XAI-2.0-SHAP-regularized-ANFIS/results/pima_diabetes/06_feature_importance_comparison.png
[INFO] Создание детального графика сравнения правил...
[INFO] График сохранен: /home/lebedeffson/PycharmProjects/шап-рег/XAI-2.0-SHAP-regularized-ANFIS/results/pima_diabetes/07_rules_comparison_detailed.png
[INFO] Создание графика сравнения времени обучения...
[INFO] График времени обучения сохранен: /home/lebedeffson/PycharmProjects/шап-рег/XAI-2.0-SHAP-regularized-ANFIS/results/pima_diabetes/08_training_time_comparison.png
[INFO] Создание отдельного графика Post-hoc SHAP сравнения...
[INFO] График Post-hoc SHAP сравнения сохранен: /home/lebedeffson/PycharmProjects/шап-рег/XAI-2.0-SHAP-regularized-ANFIS/results/pima_diabetes/09_posthoc_shap_comparison.png

========================================
АНАЛИЗ ВРЕМЕНИ ОБУЧЕНИЯ
========================================
Vanilla ANFIS: 1.05 сек
Baseline-Masked Feature Sensitivity Regularization (оценка чувствительности признаков): 3.97 сек
Ускорение: 0.26x

Vanilla + Post-hoc SHAP: 1.67 сек
Ускорение относительно post-hoc: 0.42x
[OK] Анализ времени сохранен: /home/lebedeffson/PycharmProjects/шап-рег/XAI-2.0-SHAP-regularized-ANFIS/results/pima_diabetes/time_analysis.json

[INFO] Результаты сохранены в: /home/lebedeffson/PycharmProjects/шап-рег/XAI-2.0-SHAP-regularized-ANFIS/results/pima_diabetes

============================================================
АВТОМАТИЧЕСКАЯ ПРОВЕРКА МЕТРИК
============================================================
============================================================
ПРОВЕРКА МЕТРИК ПОСЛЕ ОБУЧЕНИЯ
============================================================

📊 МЕТРИКИ ИЗ CSV:
------------------------------------------------------------
     Method  accuracy  precision   recall  f1_score  roc_auc  Training_Time
    Vanilla  0.447917   0.383234 0.955224  0.547009 0.771463       1.045126
Regularized  0.671875   0.541667 0.388060  0.452174 0.714866       3.966570


📄 TIME ANALYSIS:
------------------------------------------------------------
{
  "vanilla_time": 1.0451264381408691,
  "regularized_time": 3.9665701389312744,
  "speedup": 0.2634836651148846,
  "posthoc_time": 0.6200344562530518,
  "total_posthoc_time": 1.665160894393921,
  "posthoc_regularized_time": 0.6917519569396973,
  "total_posthoc_regularized_time": 4.658322095870972,
  "speedup_vs_posthoc": 0.4197986764561714
}

📄 SYSTEM AUDIT:
------------------------------------------------------------
{
  "timestamp": "2025-11-27T03:03:45.701685",
  "system": {
    "platform": "Linux-6.17.4-76061704-generic-x86_64-with-glibc2.39",
    "system": "Linux",
    "release": "6.17.4-76061704-generic",
    "version": "#202510191616~1761932270~24.04~b3a306c SMP PREEMPT_DYNAMIC Fri O",
    "machine": "x86_64",
    "processor": "x86_64"
  },
  "hardware": {
    "cpu_count_physical": 8,
    "cpu_count_logical": 16,
    "cpu_freq": {
      "current": 2628.5550624999996,
      "min": 1100.9799999999998,
      "max": 5137.904
    },
    "memory_total_gb": 14.80877685546875,
    "memory_available_gb": 6.952766418457031,
    "disk_usage": {
      "total_gb": 459.5223274230957,
      "used_gb": 333.5519676208496,
      "free_gb": 102.55784606933594
    }
  },
  "python": {
    "version": "3.12.3 (main, Aug 14 2025, 17:47:21) [GCC 13.3.0]",
    "version_info": {
      "major": 3,
      "minor": 12,
      "micro": 3
    },
    "executable": "/home/lebedeffson/venv/bin/python"
  },
  "libraries": {
    "numpy": "1.26.0",
    "pandas": "2.1.3",
    "scikit-learn": "not installed",
    "matplotlib": "3.10.5",
    "seaborn": "0.13.2",
    "torch": "2.8.0+cu128",
    "shap": "0.48.0",
    "PyYAML": "not installed"
  },
  "gpu": {
    "available": true,
    "count": 1,
    "devices": [
      {
        "device_id": 0,
        "name": "NVIDIA GeForce RTX 4060 Laptop GPU",
        "memory_total_gb": 7.62261962890625,
        "compute_capability": "8.9"
      }
    ]
  },
  "memory": {
    "total_gb": 14.80877685546875,
    "available_gb": 6.8999481201171875,
    "used_gb": 7.9088287353515625,
    "percent": 53.4,
    "free_gb": 5.253162384033203
  },
  "cpu": {
    "usage_percent": 5.1,
    "per_cpu_usage": [
      8.1,
      4.0,
      6.1,
      3.0,
      8.2,
      3.9,
      15.2,
      12.0,
      12.2,
      4.0,
      13.4,
      5.1,
      13.1,
      4.0,
      9.2,
      1.0
    ],
    "load_average": [
      7.3173828125,
      3.9658203125,
      2.77734375
    ]
  }
}

📄 POSTHOC PARAMETERS:
------------------------------------------------------------
{
  "vanilla": {
    "sample_size": 80,
    "explainer_type": "KernelExplainer",
    "background_size": 80,
    "analysis_time": 0.6200344562530518
  },
  "regularized": {
    "sample_size": 80,
    "explainer_type": "KernelExplainer",
    "background_size": 80,
    "analysis_time": 0.6917519569396973
  }
}

📈 ГРАФИКИ:
------------------------------------------------------------
Найдено графиков: 20
  ✅ 01_training_metrics_comparison.png (621.3 KB)
  ✅ 03_predictions_comparison.png (1010.0 KB)
  ✅ 04_roc_comparison.png (307.8 KB)
  ✅ 05_metrics_bar_comparison.png (167.6 KB)
  ✅ 06_feature_importance_comparison.png (459.6 KB)
  ✅ 07_rules_comparison_detailed.png (862.2 KB)
  ✅ 08_training_time_comparison.png (161.2 KB)
  ✅ 09_posthoc_shap_comparison.png (204.2 KB)
  ✅ rules_comparison.png (529.8 KB)
  ✅ shap_methods_comparison.png (831.7 KB)
  ✅ shap_regularization_analysis.png (1422.3 KB)
  ✅ training_plots.png (983.0 KB)
  ✅ vanilla_anfis_analysis.png (880.7 KB)
  ✅ vanilla_calibration_curve.png (171.3 KB)
  ✅ vanilla_confusion_matrix.png (93.6 KB)
  ✅ vanilla_error_distribution.png (90.4 KB)
  ✅ vanilla_feature_importance.png (174.6 KB)
  ✅ vanilla_pr_curve.png (144.7 KB)
  ✅ vanilla_prediction_distribution.png (116.7 KB)
  ✅ vanilla_roc_curve.png (162.0 KB)

============================================================
ДЕТАЛЬНЫЙ АНАЛИЗ МЕТРИК
============================================================

🔵 VANILLA ANFIS:
  accuracy: 0.447917
  precision: 0.383234
  recall: 0.955224
  f1_score: 0.547009
  roc_auc: 0.771463
  Training_Time: 1.045126

🟢 SHAP-РЕГУЛЯРИЗОВАННАЯ ANFIS:
  accuracy: 0.671875
  precision: 0.541667
  recall: 0.388060
  f1_score: 0.452174
  roc_auc: 0.714866
  Training_Time: 3.966570

📊 УЛУЧШЕНИЯ:
------------------------------------------------------------
  accuracy: +0.223958 (+50.00%) ⬆️
  precision: +0.158433 (+41.34%) ⬆️
  recall: -0.567164 (-59.37%) ⬇️
  f1_score: -0.094835 (-17.34%) ⬇️
  roc_auc: -0.056597 (-7.34%) ⬇️

⏱️ ВРЕМЯ ОБУЧЕНИЯ:
------------------------------------------------------------
  Vanilla: 1.05 сек
  Regularized: 3.97 сек
  Отношение: 0.26x

✅ ПРОВЕРКА КАЧЕСТВА:
------------------------------------------------------------
  ✅ Accuracy улучшена: 0.4479 → 0.6719
  ⚠️ ROC-AUC снизился: 0.7715 → 0.7149
  ⚠️ F1-Score снизился: 0.5470 → 0.4522
  ✅ Precision улучшен: 0.3832 → 0.5417
  ⚠️ Recall снизился: 0.9552 → 0.3881

============================================================
ПРОВЕРКА ЗАВЕРШЕНА
============================================================
